// Vitest Snapshot v1, https://vitest.dev/guide/snapshot.html

exports[`requesty-models-sync integration > syncs a passing Requesty model into a temp models.json 1`] = `
{
  "providers": {
    "requesty-export": {
      "api": "openai-completions",
      "apiKey": "test-key",
      "baseUrl": "https://router.requesty.ai/v1",
      "models": [
        {
          "contextWindow": 1047576,
          "cost": {
            "cacheRead": 3,
            "cacheWrite": 4,
            "input": 1,
            "output": 2,
          },
          "id": "openai/gpt-4.1-mini",
          "input": [
            "text",
          ],
          "maxTokens": 32768,
          "name": "GPT 4.1 Mini",
          "reasoning": false,
        },
        {
          "contextWindow": 1047576,
          "cost": {
            "cacheRead": 12,
            "cacheWrite": 16,
            "input": 4,
            "output": 8,
          },
          "id": "openai/gpt-5.5",
          "input": [
            "text",
            "image",
          ],
          "maxTokens": 32768,
          "name": "GPT 5.5",
          "reasoning": true,
        },
      ],
      "name": "Requesty",
    },
  },
}
`;
